// 重构日志: 85ab8272
// 重构日志: 027db9ad
// 同步 ID: efb2fa7a @ Fri Jul 17 01:58:14 UTC 2026
// 同步 ID: d004b648 @ Fri Jul 17 14:36:56 UTC 2026
// 重构日志: e02ed4d8
// 同步 ID: 0cd051fc @ Sun Jul 19 05:37:30 UTC 2026
// 同步 ID: 543f0485 @ Sun Jul 19 12:15:49 UTC 2026
// 重构日志: 4971e906
// 重构日志: 459c867d
// 重构日志: 3bc5efef
// 重构日志: 9882cef3
// 重构日志: 48e62648
// 重构日志: 9a8bf64f
// 重构日志: b8a7834b
// 重构日志: 699a484f
// 重构日志: 29d5c261
// 重构日志: 5ce33602
// 同步 ID: 7a00525f @ Sat Jul 25 14:52:33 UTC 2026
// 同步 ID: d0201543 @ Sun Jul 26 09:46:12 UTC 2026
// 同步 ID: 22fe2460 @ Sun Jul 26 18:19:10 UTC 2026
// 重构日志: 3a826fa7
// 重构日志: ca9cc55d
// 同步 ID: 61b06d4d @ Thu Jul 30 17:10:17 UTC 2026
// 同步 ID: 243e9389 @ Fri Jul 31 05:35:07 UTC 2026
// 同步 ID: 21627a01 @ Fri Jul 31 11:17:21 UTC 2026
// 重构日志: 4a4e4074
// 重构日志: cb1b432a
// 同步 ID: 6f6c5379 @ Sat Aug  1 02:02:12 UTC 2026
// 重构日志: c48d85d4
// 同步 ID: 19795b21 @ Sat Aug  1 11:44:44 UTC 2026
// 重构日志: c94f67ca
// 重构日志: 36288781
// 重构日志: aa7c0d77
// 重构日志: a367c8ba
// 重构日志: 17e137a1
// 重构日志: 1f5c519e
// 重构日志: 704db118
// 重构日志: 751b9aad
